// Jest Snapshot v1, https://goo.gl/fbAQLP

exports[`disable blur filter 1`] = `"data:image/svg+xml,%3csvg fill='none' viewBox='0 0 1000 600' xmlns='http://www.w3.org/2000/svg' xmlns:xlink='http://www.w3.org/1999/xlink'%3e%3c/svg%3e"`;

exports[`disable lazy loading 1`] = `"<img class=\\"g-image\\" src=\\"/assets/static/1000x600-1000.test.png\\" width=\\"1000\\">"`;

exports[`generate srcset for image 1`] = `"data:image/svg+xml,%3csvg fill='none' viewBox='0 0 1000 600' xmlns='http://www.w3.org/2000/svg' xmlns:xlink='http://www.w3.org/1999/xlink'%3e%3cdefs%3e%3cfilter id='__svg-blur-0'%3e%3cfeGaussianBlur in='SourceGraphic' stdDeviation='40'/%3e%3c/filter%3e%3c/defs%3e%3cimage x='0' y='0' filter='url(%23__svg-blur-0)' width='1000' height='600' xlink:href='data:image/png%3bbase64%2ciVBORw0KGgoAAAANSUhEUgAAAEAAAAAmCAIAAAD7pgrOAAAACXBIWXMAAA7EAAAOxAGVKw4bAAABmElEQVRYw%2b2X3W6CQBBGff/nMF6AIoKCAgVFUJDy90Y9YRNCNe0FTUlJZy7M7PBt/M7MIrJ4n3ksBEAABEAABEAABEAABOBfA5Rl2edFUTxVXkNpXvdOClB2oZI8z1XeJ4/Ho3fW26VCnWVVVSRPe6cG4Iv3%2bz2fYRjquh7HMYmmaUmSBEFAhUQ5w67ymmWZaZqu66Zpul6vPc9DgxI9muFYfh0AN5jA7u12wxA%2bDoeD4zgsbds%2bHo/X65Vl0zRvXWCRHMeWZYHKFgTIELMXpRrIdAB0q65r3/eVD5ZMAx9c2u12p9MJQyChAWm5XF4ul7ZtqXAV9/hmdPAwELZQYTijD9LII8TQccwc%2bPooipwuzuczLkGiQp2uQ7harVgCABgCsMEgQQC22jL6/PzoJsYWneZIbDYbOk2bSe73O54Mw6DCBLgxqKtTTpu32y0YtB8BlxCToJ/6Hhj%2bApZfB576/Hvln36QDVtbdCFPYgEQAAEQAAEQAAEQAAGYAwD/tHln4LUz7YKkX5LwtsQ7xgwmUHyOYYX8A4oOoFMobbRdAAAAAElFTkSuQmCC' /%3e%3c/svg%3e"`;

exports[`generate srcset for image 2`] = `"<img class=\\"g-image g-image--lazy\\" src=\\"data:image/svg+xml,%3csvg fill='none' viewBox='0 0 1000 600' xmlns='http://www.w3.org/2000/svg' xmlns:xlink='http://www.w3.org/1999/xlink'%3e%3cdefs%3e%3cfilter id='__svg-blur-0'%3e%3cfeGaussianBlur in='SourceGraphic' stdDeviation='40'/%3e%3c/filter%3e%3c/defs%3e%3cimage x='0' y='0' filter='url(%23__svg-blur-0)' width='1000' height='600' xlink:href='data:image/png%3bbase64%2ciVBORw0KGgoAAAANSUhEUgAAAEAAAAAmCAIAAAD7pgrOAAAACXBIWXMAAA7EAAAOxAGVKw4bAAABmElEQVRYw%2b2X3W6CQBBGff/nMF6AIoKCAgVFUJDy90Y9YRNCNe0FTUlJZy7M7PBt/M7MIrJ4n3ksBEAABEAABEAABEAABOBfA5Rl2edFUTxVXkNpXvdOClB2oZI8z1XeJ4/Ho3fW26VCnWVVVSRPe6cG4Iv3%2bz2fYRjquh7HMYmmaUmSBEFAhUQ5w67ymmWZaZqu66Zpul6vPc9DgxI9muFYfh0AN5jA7u12wxA%2bDoeD4zgsbds%2bHo/X65Vl0zRvXWCRHMeWZYHKFgTIELMXpRrIdAB0q65r3/eVD5ZMAx9c2u12p9MJQyChAWm5XF4ul7ZtqXAV9/hmdPAwELZQYTijD9LII8TQccwc%2bPooipwuzuczLkGiQp2uQ7harVgCABgCsMEgQQC22jL6/PzoJsYWneZIbDYbOk2bSe73O54Mw6DCBLgxqKtTTpu32y0YtB8BlxCToJ/6Hhj%2bApZfB576/Hvln36QDVtbdCFPYgEQAAEQAAEQAAEQAAGYAwD/tHln4LUz7YKkX5LwtsQ7xgwmUHyOYYX8A4oOoFMobbRdAAAAAElFTkSuQmCC' /%3e%3c/svg%3e\\" width=\\"1000\\" data-srcset=\\"/assets/static/1000x600-480.test.png 480w, /assets/static/1000x600-1000.test.png 1000w\\" data-sizes=\\"(max-width: 1000px) 100vw, 1000px\\" data-src=\\"/assets/static/1000x600-1000.test.png\\">"`;

exports[`generate srcset for image 3`] = `"<noscript><img class=\\"g-image g-image--lazy g-image--loaded\\" src=\\"/assets/static/1000x600-1000.test.png\\" width=\\"1000\\"></noscript>"`;

exports[`resize image by width attribute 1`] = `"data:image/svg+xml,%3csvg fill='none' viewBox='0 0 300 180' xmlns='http://www.w3.org/2000/svg' xmlns:xlink='http://www.w3.org/1999/xlink'%3e%3cdefs%3e%3cfilter id='__svg-blur-0'%3e%3cfeGaussianBlur in='SourceGraphic' stdDeviation='40'/%3e%3c/filter%3e%3c/defs%3e%3cimage x='0' y='0' filter='url(%23__svg-blur-0)' width='300' height='180' xlink:href='data:image/png%3bbase64%2ciVBORw0KGgoAAAANSUhEUgAAAEAAAAAmCAIAAAD7pgrOAAAACXBIWXMAAA7EAAAOxAGVKw4bAAABmElEQVRYw%2b2X3W6CQBBGff/nMF6AIoKCAgVFUJDy90Y9YRNCNe0FTUlJZy7M7PBt/M7MIrJ4n3ksBEAABEAABEAABEAABOBfA5Rl2edFUTxVXkNpXvdOClB2oZI8z1XeJ4/Ho3fW26VCnWVVVSRPe6cG4Iv3%2bz2fYRjquh7HMYmmaUmSBEFAhUQ5w67ymmWZaZqu66Zpul6vPc9DgxI9muFYfh0AN5jA7u12wxA%2bDoeD4zgsbds%2bHo/X65Vl0zRvXWCRHMeWZYHKFgTIELMXpRrIdAB0q65r3/eVD5ZMAx9c2u12p9MJQyChAWm5XF4ul7ZtqXAV9/hmdPAwELZQYTijD9LII8TQccwc%2bPooipwuzuczLkGiQp2uQ7harVgCABgCsMEgQQC22jL6/PzoJsYWneZIbDYbOk2bSe73O54Mw6DCBLgxqKtTTpu32y0YtB8BlxCToJ/6Hhj%2bApZfB576/Hvln36QDVtbdCFPYgEQAAEQAAEQAAEQAAGYAwD/tHln4LUz7YKkX5LwtsQ7xgwmUHyOYYX8A4oOoFMobbRdAAAAAElFTkSuQmCC' /%3e%3c/svg%3e"`;

exports[`skip srcset and dataUri 1`] = `"<img class=\\"g-image\\" src=\\"/assets/static/1000x600-1000.test.png\\" width=\\"1000\\">"`;
